Archive member included to satisfy reference by file (symbol)

c:/program files (x86)/atmel/studio/7.0/toolchain/avr8/avr8-gnu-toolchain/bin/../lib/gcc/avr/5.4.0/../../../../avr/lib/avr5\libm.a(divsf3.o)
                              bmp280.o (__divsf3)
c:/program files (x86)/atmel/studio/7.0/toolchain/avr8/avr8-gnu-toolchain/bin/../lib/gcc/avr/5.4.0/../../../../avr/lib/avr5\libm.a(divsf3x.o)
                              c:/program files (x86)/atmel/studio/7.0/toolchain/avr8/avr8-gnu-toolchain/bin/../lib/gcc/avr/5.4.0/../../../../avr/lib/avr5\libm.a(divsf3.o) (__divsf3x)
c:/program files (x86)/atmel/studio/7.0/toolchain/avr8/avr8-gnu-toolchain/bin/../lib/gcc/avr/5.4.0/../../../../avr/lib/avr5\libm.a(fixsfsi.o)
                              main.o (__fixsfsi)
c:/program files (x86)/atmel/studio/7.0/toolchain/avr8/avr8-gnu-toolchain/bin/../lib/gcc/avr/5.4.0/../../../../avr/lib/avr5\libm.a(fixunssfsi.o)
                              c:/program files (x86)/atmel/studio/7.0/toolchain/avr8/avr8-gnu-toolchain/bin/../lib/gcc/avr/5.4.0/../../../../avr/lib/avr5\libm.a(fixsfsi.o) (__fixunssfsi)
c:/program files (x86)/atmel/studio/7.0/toolchain/avr8/avr8-gnu-toolchain/bin/../lib/gcc/avr/5.4.0/../../../../avr/lib/avr5\libm.a(floatdisf.o)
                              bmp280.o (__floatdisf)
c:/program files (x86)/atmel/studio/7.0/toolchain/avr8/avr8-gnu-toolchain/bin/../lib/gcc/avr/5.4.0/../../../../avr/lib/avr5\libm.a(floatsisf.o)
                              bmp280.o (__floatsisf)
c:/program files (x86)/atmel/studio/7.0/toolchain/avr8/avr8-gnu-toolchain/bin/../lib/gcc/avr/5.4.0/../../../../avr/lib/avr5\libm.a(floatundisf.o)
                              c:/program files (x86)/atmel/studio/7.0/toolchain/avr8/avr8-gnu-toolchain/bin/../lib/gcc/avr/5.4.0/../../../../avr/lib/avr5\libm.a(floatdisf.o) (__fp_di2sf)
c:/program files (x86)/atmel/studio/7.0/toolchain/avr8/avr8-gnu-toolchain/bin/../lib/gcc/avr/5.4.0/../../../../avr/lib/avr5\libm.a(fp_inf.o)
                              c:/program files (x86)/atmel/studio/7.0/toolchain/avr8/avr8-gnu-toolchain/bin/../lib/gcc/avr/5.4.0/../../../../avr/lib/avr5\libm.a(divsf3x.o) (__fp_inf)
c:/program files (x86)/atmel/studio/7.0/toolchain/avr8/avr8-gnu-toolchain/bin/../lib/gcc/avr/5.4.0/../../../../avr/lib/avr5\libm.a(fp_nan.o)
                              c:/program files (x86)/atmel/studio/7.0/toolchain/avr8/avr8-gnu-toolchain/bin/../lib/gcc/avr/5.4.0/../../../../avr/lib/avr5\libm.a(divsf3x.o) (__fp_nan)
c:/program files (x86)/atmel/studio/7.0/toolchain/avr8/avr8-gnu-toolchain/bin/../lib/gcc/avr/5.4.0/../../../../avr/lib/avr5\libm.a(fp_negdi.o)
                              c:/program files (x86)/atmel/studio/7.0/toolchain/avr8/avr8-gnu-toolchain/bin/../lib/gcc/avr/5.4.0/../../../../avr/lib/avr5\libm.a(floatdisf.o) (__fp_negdi)
c:/program files (x86)/atmel/studio/7.0/toolchain/avr8/avr8-gnu-toolchain/bin/../lib/gcc/avr/5.4.0/../../../../avr/lib/avr5\libm.a(fp_pscA.o)
                              c:/program files (x86)/atmel/studio/7.0/toolchain/avr8/avr8-gnu-toolchain/bin/../lib/gcc/avr/5.4.0/../../../../avr/lib/avr5\libm.a(divsf3x.o) (__fp_pscA)
c:/program files (x86)/atmel/studio/7.0/toolchain/avr8/avr8-gnu-toolchain/bin/../lib/gcc/avr/5.4.0/../../../../avr/lib/avr5\libm.a(fp_pscB.o)
                              c:/program files (x86)/atmel/studio/7.0/toolchain/avr8/avr8-gnu-toolchain/bin/../lib/gcc/avr/5.4.0/../../../../avr/lib/avr5\libm.a(divsf3x.o) (__fp_pscB)
c:/program files (x86)/atmel/studio/7.0/toolchain/avr8/avr8-gnu-toolchain/bin/../lib/gcc/avr/5.4.0/../../../../avr/lib/avr5\libm.a(fp_round.o)
                              c:/program files (x86)/atmel/studio/7.0/toolchain/avr8/avr8-gnu-toolchain/bin/../lib/gcc/avr/5.4.0/../../../../avr/lib/avr5\libm.a(divsf3.o) (__fp_round)
c:/program files (x86)/atmel/studio/7.0/toolchain/avr8/avr8-gnu-toolchain/bin/../lib/gcc/avr/5.4.0/../../../../avr/lib/avr5\libm.a(fp_split3.o)
                              c:/program files (x86)/atmel/studio/7.0/toolchain/avr8/avr8-gnu-toolchain/bin/../lib/gcc/avr/5.4.0/../../../../avr/lib/avr5\libm.a(divsf3x.o) (__fp_split3)
c:/program files (x86)/atmel/studio/7.0/toolchain/avr8/avr8-gnu-toolchain/bin/../lib/gcc/avr/5.4.0/../../../../avr/lib/avr5\libm.a(fp_zero.o)
                              c:/program files (x86)/atmel/studio/7.0/toolchain/avr8/avr8-gnu-toolchain/bin/../lib/gcc/avr/5.4.0/../../../../avr/lib/avr5\libm.a(fixunssfsi.o) (__fp_zero)
c:/program files (x86)/atmel/studio/7.0/toolchain/avr8/avr8-gnu-toolchain/bin/../lib/gcc/avr/5.4.0/../../../../avr/lib/avr5\libm.a(mulsf3.o)
                              bmp280.o (__mulsf3)
c:/program files (x86)/atmel/studio/7.0/toolchain/avr8/avr8-gnu-toolchain/bin/../lib/gcc/avr/5.4.0/../../../../avr/lib/avr5\libm.a(mulsf3x.o)
                              c:/program files (x86)/atmel/studio/7.0/toolchain/avr8/avr8-gnu-toolchain/bin/../lib/gcc/avr/5.4.0/../../../../avr/lib/avr5\libm.a(mulsf3.o) (__mulsf3x)
[...]
Memory Configuration

Name             Origin             Length             Attributes
text             0x00000000         0x00008000         xr
data             0x00800100         0x00000800         rw !x
eeprom           0x00810000         0x00000400         rw !x
fuse             0x00820000         0x00000003         rw !x
lock             0x00830000         0x00000400         rw !x
signature        0x00840000         0x00000400         rw !x
user_signatures  0x00850000         0x00000400         rw !x
*default*        0x00000000         0xffffffff

Linker script and memory map

Address of section .data set to 0x800100
LOAD C:/Program Files (x86)/Atmel/Studio/7.0/Packs/atmel/ATmega_DFP/1.7.374/gcc/dev/atmega328pb/avr5/crtatmega328pb.o
LOAD bmp280.o
LOAD ds18b20.o
LOAD i2c.o
LOAD main.o
LOAD onewire.o
LOAD www.o
LOAD usart.o
START GROUP
LOAD c:/program files (x86)/atmel/studio/7.0/toolchain/avr8/avr8-gnu-toolchain/bin/../lib/gcc/avr/5.4.0/../../../../avr/lib/avr5\libm.a
END GROUP
START GROUP
LOAD c:/program files (x86)/atmel/studio/7.0/toolchain/avr8/avr8-gnu-toolchain/bin/../lib/gcc/avr/5.4.0/avr5\libgcc.a
LOAD c:/program files (x86)/atmel/studio/7.0/toolchain/avr8/avr8-gnu-toolchain/bin/../lib/gcc/avr/5.4.0/../../../../avr/lib/avr5\libm.a
LOAD c:/program files (x86)/atmel/studio/7.0/toolchain/avr8/avr8-gnu-toolchain/bin/../lib/gcc/avr/5.4.0/../../../../avr/lib/avr5\libc.a
LOAD C:/Program Files (x86)/Atmel/Studio/7.0/Packs/atmel/ATmega_DFP/1.7.374/gcc/dev/atmega328pb/avr5\libatmega328pb.a
END GROUP
                [0x00000000]                __TEXT_REGION_ORIGIN__ = DEFINED (__TEXT_REGION_ORIGIN__)?__TEXT_REGION_ORIGIN__:0x0
                [0x00800100]                __DATA_REGION_ORIGIN__ = DEFINED (__DATA_REGION_ORIGIN__)?__DATA_REGION_ORIGIN__:0x800060
                [0x00008000]                __TEXT_REGION_LENGTH__ = DEFINED (__TEXT_REGION_LENGTH__)?__TEXT_REGION_LENGTH__:0x20000
                [0x00000800]                __DATA_REGION_LENGTH__ = DEFINED (__DATA_REGION_LENGTH__)?__DATA_REGION_LENGTH__:0xffa0
                [0x00000400]                __EEPROM_REGION_LENGTH__ = DEFINED (__EEPROM_REGION_LENGTH__)?__EEPROM_REGION_LENGTH__:0x10000
                [0x00000003]                __FUSE_REGION_LENGTH__ = DEFINED (__FUSE_REGION_LENGTH__)?__FUSE_REGION_LENGTH__:0x400
                0x00000400                __LOCK_REGION_LENGTH__ = DEFINED (__LOCK_REGION_LENGTH__)?__LOCK_REGION_LENGTH__:0x400
                0x00000400                __SIGNATURE_REGION_LENGTH__ = DEFINED (__SIGNATURE_REGION_LENGTH__)?__SIGNATURE_REGION_LENGTH__:0x400
                0x00000400                __USER_SIGNATURE_REGION_LENGTH__ = DEFINED (__USER_SIGNATURE_REGION_LENGTH__)?__USER_SIGNATURE_REGION_LENGTH__:0x400

.hash
 *(.hash)

.dynsym
 *(.dynsym)

.dynstr
 *(.dynstr)

.gnu.version
 *(.gnu.version)

.gnu.version_d
 *(.gnu.version_d)

.gnu.version_r
 *(.gnu.version_r)

.rel.init
 *(.rel.init)

.rela.init
 *(.rela.init)

.rel.text
 *(.rel.text)
 *(.rel.text.*)
 *(.rel.gnu.linkonce.t*)

.rela.text
 *(.rela.text)
 *(.rela.text.*)
 *(.rela.gnu.linkonce.t*)

.rel.fini
 *(.rel.fini)

.rela.fini
 *(.rela.fini)

.rel.rodata
 *(.rel.rodata)
 *(.rel.rodata.*)
 *(.rel.gnu.linkonce.r*)

.rela.rodata
 *(.rela.rodata)
 *(.rela.rodata.*)
 *(.rela.gnu.linkonce.r*)

.rel.data
 *(.rel.data)
 *(.rel.data.*)
 *(.rel.gnu.linkonce.d*)

.rela.data
 *(.rela.data)
 *(.rela.data.*)
 *(.rela.gnu.linkonce.d*)

.rel.ctors
 *(.rel.ctors)

.rela.ctors
 *(.rela.ctors)

.rel.dtors
 *(.rel.dtors)

.rela.dtors
 *(.rela.dtors)

.rel.got
 *(.rel.got)

.rela.got
 *(.rela.got)

.rel.bss
 *(.rel.bss)

.rela.bss
 *(.rela.bss)

.rel.plt
 *(.rel.plt)

.rela.plt
 *(.rela.plt)

.text           0x00000000     0x1ed2
 *(.vectors)
 .vectors       0x00000000       0xb4 C:/Program Files (x86)/Atmel/Studio/7.0/Packs/atmel/ATmega_DFP/1.7.374/gcc/dev/atmega328pb/avr5/crtatmega328pb.o
                0x00000000                __vector_default
                0x00000000                __vectors
 *(.vectors)
 *(.progmem.gcc*)
 .progmem.gcc_sw_table.alfabet
                0x000000b4       0x14 main.o
                0x000000c8                . = ALIGN (0x2)
                0x000000c8                __trampolines_start = .
 *(.trampolines)
 .trampolines   0x000000c8        0x0 linker stubs
 *(.trampolines*)
                0x000000c8                __trampolines_end = .
 *libprintf_flt.a:*(.progmem.data)
 *libc.a:*(.progmem.data)
 .progmem.data  0x000000c8       0xfa c:/program files (x86)/atmel/studio/7.0/toolchain/avr8/avr8-gnu-toolchain/bin/../lib/gcc/avr/5.4.0/../../../../avr/lib/avr5\libc.a(ftoa_engine.o)
 *(.progmem*)
                0x000001c2                . = ALIGN (0x2)
 *(.jumptables)
 *(.jumptables*)
 *(.lowtext)
 *(.lowtext*)
                0x000001c2                __ctors_start = .
 *(.ctors)
                0x000001c2                __ctors_end = .
                0x000001c2                __dtors_start = .
 *(.dtors)
                0x000001c2                __dtors_end = .
 SORT(*)(.ctors)
 SORT(*)(.dtors)
 *(.init0)
 .init0         0x000001c2        0x0 C:/Program Files (x86)/Atmel/Studio/7.0/Packs/atmel/ATmega_DFP/1.7.374/gcc/dev/atmega328pb/avr5/crtatmega328pb.o
                0x000001c2                __init
 *(.init0)
 *(.init1)
 *(.init1)
 *(.init2)
 .init2         0x000001c2        0xc C:/Program Files (x86)/Atmel/Studio/7.0/Packs/atmel/ATmega_DFP/1.7.374/gcc/dev/atmega328pb/avr5/crtatmega328pb.o
 *(.init2)
 *(.init3)
 *(.init3)
 *(.init4)
 .init4         0x000001ce       0x16 c:/program files (x86)/atmel/studio/7.0/toolchain/avr8/avr8-gnu-toolchain/bin/../lib/gcc/avr/5.4.0/avr5\libgcc.a(_copy_data.o)
                0x000001ce                __do_copy_data
 .init4         0x000001e4       0x10 c:/program files (x86)/atmel/studio/7.0/toolchain/avr8/avr8-gnu-toolchain/bin/../lib/gcc/avr/5.4.0/avr5\libgcc.a(_clear_bss.o)
                0x000001e4                __do_clear_bss
 *(.init4)
 *(.init5)
 *(.init5)
 *(.init6)
 *(.init6)
 *(.init7)
 *(.init7)
 *(.init8)
 *(.init8)
 *(.init9)
 .init9         0x000001f4        0x8 C:/Program Files (x86)/Atmel/Studio/7.0/Packs/atmel/ATmega_DFP/1.7.374/gcc/dev/atmega328pb/avr5/crtatmega328pb.o
 *(.init9)
 *(.text)
 .text          0x000001fc        0x4 C:/Program Files (x86)/Atmel/Studio/7.0/Packs/atmel/ATmega_DFP/1.7.374/gcc/dev/atmega328pb/avr5/crtatmega328pb.o
                0x000001fc                __vector_38
                0x000001fc                __vector_22
                0x000001fc                __vector_1
                0x000001fc                __vector_32
                0x000001fc                __vector_34
                0x000001fc                __vector_24
                0x000001fc                __vector_12
                0x000001fc                __bad_interrupt
                0x000001fc                __vector_6
                0x000001fc                __vector_31
                0x000001fc                __vector_35
                0x000001fc                __vector_39
                0x000001fc                __vector_3
                0x000001fc                __vector_23
                0x000001fc                __vector_30
                0x000001fc                __vector_25
                0x000001fc                __vector_13
                0x000001fc                __vector_17
                0x000001fc                __vector_7
                0x000001fc                __vector_41
                0x000001fc                __vector_43
                0x000001fc                __vector_27
                0x000001fc                __vector_5
                0x000001fc                __vector_33
                0x000001fc                __vector_37
                0x000001fc                __vector_4
                0x000001fc                __vector_44
                0x000001fc                __vector_9
                0x000001fc                __vector_2
                0x000001fc                __vector_21
                0x000001fc                __vector_15
                0x000001fc                __vector_36
                0x000001fc                __vector_40
                0x000001fc                __vector_8
                0x000001fc                __vector_26
                0x000001fc                __vector_14
                0x000001fc                __vector_10
                0x000001fc                __vector_16
                0x000001fc                __vector_20
                0x000001fc                __vector_42
                0x00000200                . = ALIGN (0x2)
 *(.text.*)
 .text.read16_LE
                0x00000200       0x40 bmp280.o
 .text.readS16_LE
                0x00000240        0x6 bmp280.o
 .text.bmp280_init
                0x00000246       0xc6 bmp280.o
                0x00000246                bmp280_init
 .text.bmp280_read_raw
                0x0000030c      0x138 bmp280.o
                0x0000030c                bmp280_read_raw
 .text.bmp280_read_temperature
                0x00000444      0x168 bmp280.o
                0x00000444                bmp280_read_temperature
 .text.bmp280_read_pressure
                0x000005ac      0x4ca bmp280.o
                0x000005ac                bmp280_read_pressure
 .text.ds18b20_read_temp
                0x00000a76       0x5c ds18b20.o
                0x00000a76                ds18b20_read_temp
 .text.I2C_init
                0x00000ad2       0x12 i2c.o
                0x00000ad2                I2C_init
 .text.I2C_start
                0x00000ae4       0x10 i2c.o
                0x00000ae4                I2C_start
 .text.I2C_stop
                0x00000af4        0x8 i2c.o
                0x00000af4                I2C_stop
 .text.I2C_write
                0x00000afc       0x14 i2c.o
                0x00000afc                I2C_write
 .text.I2C_readACK
                0x00000b10       0x14 i2c.o
                0x00000b10                I2C_readACK
 .text.I2C_readNACK
                0x00000b24       0x14 i2c.o
                0x00000b24                I2C_readNACK
 .text.alfabet  0x00000b38      0x138 main.o
                0x00000b38                alfabet
 .text.seg7_init
                0x00000c70       0x14 main.o
                0x00000c70                seg7_init
 .text.display  0x00000c84       0x26 main.o
                0x00000c84                display
 .text.timer_init
                0x00000caa       0x28 main.o
                0x00000caa                timer_init
 .text.__vector_11
                0x00000cd2       0x1e main.o
                0x00000cd2                __vector_11
 .text.wykonaj_pomiary
                0x00000cf0       0xb8 main.o
                0x00000cf0                wykonaj_pomiary
 .text.main     0x00000da8       0xd4 main.o
                0x00000da8                main
 .text.onewire_reset
                0x00000e7c       0x42 onewire.o
                0x00000e7c                onewire_reset
 .text.onewire_writebit
                0x00000ebe       0x32 onewire.o
                0x00000ebe                onewire_writebit
 .text.onewire_readbit
                0x00000ef0       0x38 onewire.o
                0x00000ef0                onewire_readbit
 .text.onewire_writebyte
                0x00000f28       0x2c onewire.o
                0x00000f28                onewire_writebyte
 .text.onewire_readbyte
                0x00000f54       0x32 onewire.o
                0x00000f54                onewire_readbyte
 .text.uart0_putc
                0x00000f86       0x3a usart.o
                0x00000f86                uart0_putc
 .text.uart0_putstr
                0x00000fc0       0x1e usart.o
                0x00000fc0                uart0_putstr
 .text.uart0_putfloat
                0x00000fde       0x4e usart.o
                0x00000fde                uart0_putfloat
 .text.uart1_putc
                0x0000102c       0x3a usart.o
                0x0000102c                uart1_putc
 .text.uart_putchar
                0x00001066       0x38 usart.o
                0x00001066                uart_putchar
 .text.uart0_getData
                0x0000109e       0x2a usart.o
                0x0000109e                uart0_getData
 .text.uart1_getData
                0x000010c8       0x2a usart.o
                0x000010c8                uart1_getData
 .text.uart_getchar
                0x000010f2       0x3c usart.o
                0x000010f2                uart_getchar
 .text.__vector_19
                0x0000112e       0x3c usart.o
                0x0000112e                __vector_19
 .text.__vector_18
                0x0000116a       0x36 usart.o
                0x0000116a                __vector_18
 .text.__vector_29
                0x000011a0       0x3c usart.o
                0x000011a0                __vector_29
 .text.__vector_28
                0x000011dc       0x36 usart.o
                0x000011dc                __vector_28
 .text.avr-libc.fplib
                0x00001212        0x8 c:/program files (x86)/atmel/studio/7.0/toolchain/avr8/avr8-gnu-toolchain/bin/../lib/gcc/avr/5.4.0/../../../../avr/lib/avr5\libm.a(divsf3.o)
                0x00001212                __divsf3
 .text.avr-libc.fplib
                0x0000121a       0xdc c:/program files (x86)/atmel/studio/7.0/toolchain/avr8/avr8-gnu-toolchain/bin/../lib/gcc/avr/5.4.0/../../../../avr/lib/avr5\libm.a(divsf3x.o)
                0x0000123a                __divsf3x
                0x00001240                __divsf3_pse
 .text.avr-libc.fplib
                0x000012f6        0xe c:/program files (x86)/atmel/studio/7.0/toolchain/avr8/avr8-gnu-toolchain/bin/../lib/gcc/avr/5.4.0/../../../../avr/lib/avr5\libm.a(fixsfsi.o)
                0x000012f6                __fixsfsi
 .text.avr-libc.fplib
                0x00001304       0x5e c:/program files (x86)/atmel/studio/7.0/toolchain/avr8/avr8-gnu-toolchain/bin/../lib/gcc/avr/5.4.0/../../../../avr/lib/avr5\libm.a(fixunssfsi.o)
                0x00001304                __fixunssfsi
 .text.avr-libc.fplib
                0x00001362        0xc c:/program files (x86)/atmel/studio/7.0/toolchain/avr8/avr8-gnu-toolchain/bin/../lib/gcc/avr/5.4.0/../../../../avr/lib/avr5\libm.a(floatdisf.o)
                0x00001362                __floatdisf
 .text.avr-libc.fplib
                0x0000136e       0x7a c:/program files (x86)/atmel/studio/7.0/toolchain/avr8/avr8-gnu-toolchain/bin/../lib/gcc/avr/5.4.0/../../../../avr/lib/avr5\libm.a(floatsisf.o)
                0x0000136e                __floatunsisf
                0x00001372                __floatsisf
 .text.avr-libc.fplib
                0x000013e8       0x7c c:/program files (x86)/atmel/studio/7.0/toolchain/avr8/avr8-gnu-toolchain/bin/../lib/gcc/avr/5.4.0/../../../../avr/lib/avr5\libm.a(floatundisf.o)
                0x000013e8                __floatundisf
                0x000013ea                __fp_di2sf
 .text.avr-libc.fplib
                0x00001464        0xc c:/program files (x86)/atmel/studio/7.0/toolchain/avr8/avr8-gnu-toolchain/bin/../lib/gcc/avr/5.4.0/../../../../avr/lib/avr5\libm.a(fp_inf.o)
                0x00001464                __fp_inf
 .text.avr-libc.fplib
                0x00001470        0x6 c:/program files (x86)/atmel/studio/7.0/toolchain/avr8/avr8-gnu-toolchain/bin/../lib/gcc/avr/5.4.0/../../../../avr/lib/avr5\libm.a(fp_nan.o)
                0x00001470                __fp_nan
 .text.avr-libc.fplib
                0x00001476       0x20 c:/program files (x86)/atmel/studio/7.0/toolchain/avr8/avr8-gnu-toolchain/bin/../lib/gcc/avr/5.4.0/../../../../avr/lib/avr5\libm.a(fp_negdi.o)
                0x00001476                __fp_negdi
 .text.avr-libc.fplib
                0x00001496        0xe c:/program files (x86)/atmel/studio/7.0/toolchain/avr8/avr8-gnu-toolchain/bin/../lib/gcc/avr/5.4.0/../../../../avr/lib/avr5\libm.a(fp_pscA.o)
                0x00001496                __fp_pscA
 .text.avr-libc.fplib
                0x000014a4        0xe c:/program files (x86)/atmel/studio/7.0/toolchain/avr8/avr8-gnu-toolchain/bin/../lib/gcc/avr/5.4.0/../../../../avr/lib/avr5\libm.a(fp_pscB.o)
                0x000014a4                __fp_pscB
 .text.avr-libc.fplib
                0x000014b2       0x22 c:/program files (x86)/atmel/studio/7.0/toolchain/avr8/avr8-gnu-toolchain/bin/../lib/gcc/avr/5.4.0/../../../../avr/lib/avr5\libm.a(fp_round.o)
                0x000014b2                __fp_round
 .text.avr-libc.fplib
                0x000014d4       0x44 c:/program files (x86)/atmel/studio/7.0/toolchain/avr8/avr8-gnu-toolchain/bin/../lib/gcc/avr/5.4.0/../../../../avr/lib/avr5\libm.a(fp_split3.o)
                0x000014d4                __fp_split3
                0x000014e4                __fp_splitA
 .text.avr-libc.fplib
                0x00001518        0xe c:/program files (x86)/atmel/studio/7.0/toolchain/avr8/avr8-gnu-toolchain/bin/../lib/gcc/avr/5.4.0/../../../../avr/lib/avr5\libm.a(fp_zero.o)
                0x00001518                __fp_zero
                0x0000151a                __fp_szero
 .text.avr-libc.fplib
                0x00001526        0x8 c:/program files (x86)/atmel/studio/7.0/toolchain/avr8/avr8-gnu-toolchain/bin/../lib/gcc/avr/5.4.0/../../../../avr/lib/avr5\libm.a(mulsf3.o)
                0x00001526                __mulsf3
 .text.avr-libc.fplib
                0x0000152e       0xd2 c:/program files (x86)/atmel/studio/7.0/toolchain/avr8/avr8-gnu-toolchain/bin/../lib/gcc/avr/5.4.0/../../../../avr/lib/avr5\libm.a(mulsf3x.o)
                0x0000154c                __mulsf3x
                0x00001552                __mulsf3_pse
 .text.libgcc.mul
                0x00001600       0x20 c:/program files (x86)/atmel/studio/7.0/toolchain/avr8/avr8-gnu-toolchain/bin/../lib/gcc/avr/5.4.0/avr5\libgcc.a(_mulsi3.o)
                0x00001600                __mulsi3
 .text.libgcc.div
                0x00001620       0x28 c:/program files (x86)/atmel/studio/7.0/toolchain/avr8/avr8-gnu-toolchain/bin/../lib/gcc/avr/5.4.0/avr5\libgcc.a(_divmodhi4.o)
                0x00001620                _div
                0x00001620                __divmodhi4
 .text.libgcc   0x00001648        0xc c:/program files (x86)/atmel/studio/7.0/toolchain/avr8/avr8-gnu-toolchain/bin/../lib/gcc/avr/5.4.0/avr5\libgcc.a(_tablejump2.o)
                0x00001648                __tablejump2__
 .text.libgcc.mul
                0x00001654       0x16 c:/program files (x86)/atmel/studio/7.0/toolchain/avr8/avr8-gnu-toolchain/bin/../lib/gcc/avr/5.4.0/avr5\libgcc.a(_muluhisi3.o)
                0x00001654                __muluhisi3
 .text.libgcc.mul
                0x0000166a       0x10 c:/program files (x86)/atmel/studio/7.0/toolchain/avr8/avr8-gnu-toolchain/bin/../lib/gcc/avr/5.4.0/avr5\libgcc.a(_mulshisi3.o)
                0x0000166a                __mulshisi3
                0x00001670                __mulohisi3
 .text.libgcc.mul
                0x0000167a       0xa0 c:/program files (x86)/atmel/studio/7.0/toolchain/avr8/avr8-gnu-toolchain/bin/../lib/gcc/avr/5.4.0/avr5\libgcc.a(_muldi3.o)
                0x0000167a                __muldi3
 .text.libgcc.mul
                0x0000171a       0x12 c:/program files (x86)/atmel/studio/7.0/toolchain/avr8/avr8-gnu-toolchain/bin/../lib/gcc/avr/5.4.0/avr5\libgcc.a(_muldi3_6.o)
                0x0000171a                __muldi3_6
 .text.libgcc.div
                0x0000172c       0x62 c:/program files (x86)/atmel/studio/7.0/toolchain/avr8/avr8-gnu-toolchain/bin/../lib/gcc/avr/5.4.0/avr5\libgcc.a(_divdi3.o)
                0x0000172c                __moddi3
                0x00001730                __divdi3
                0x00001732                __divdi3_moddi3
 .text.libgcc.div
                0x0000178e       0x1c c:/program files (x86)/atmel/studio/7.0/toolchain/avr8/avr8-gnu-toolchain/bin/../lib/gcc/avr/5.4.0/avr5\libgcc.a(_udivdi3.o)
                0x0000178e                __umoddi3
                0x00001792                __udivdi3
                0x00001794                __udivdi3_umoddi3
 .text.libgcc.div
                0x000017aa       0xa2 c:/program files (x86)/atmel/studio/7.0/toolchain/avr8/avr8-gnu-toolchain/bin/../lib/gcc/avr/5.4.0/avr5\libgcc.a(_udivmod64.o)
                0x000017aa                __udivmod64
 .text.libgcc   0x0000184c       0x20 c:/program files (x86)/atmel/studio/7.0/toolchain/avr8/avr8-gnu-toolchain/bin/../lib/gcc/avr/5.4.0/avr5\libgcc.a(_negdi2.o)
                0x0000184c                __negdi2
 .text.libgcc.prologue
                0x0000186c       0x38 c:/program files (x86)/atmel/studio/7.0/toolchain/avr8/avr8-gnu-toolchain/bin/../lib/gcc/avr/5.4.0/avr5\libgcc.a(_prologue.o)
                0x0000186c                __prologue_saves__
 .text.libgcc.prologue
                0x000018a4       0x36 c:/program files (x86)/atmel/studio/7.0/toolchain/avr8/avr8-gnu-toolchain/bin/../lib/gcc/avr/5.4.0/avr5\libgcc.a(_epilogue.o)
                0x000018a4                __epilogue_restores__
 .text.libgcc.builtins
                0x000018da       0x32 c:/program files (x86)/atmel/studio/7.0/toolchain/avr8/avr8-gnu-toolchain/bin/../lib/gcc/avr/5.4.0/avr5\libgcc.a(_ashldi3.o)
                0x000018da                __ashldi3
 .text.libgcc.builtins
                0x0000190c       0x3c c:/program files (x86)/atmel/studio/7.0/toolchain/avr8/avr8-gnu-toolchain/bin/../lib/gcc/avr/5.4.0/avr5\libgcc.a(_ashrdi3.o)
                0x0000190c                __ashrdi3
                0x00001910                __lshrdi3
 .text.libgcc   0x00001948       0x12 c:/program files (x86)/atmel/studio/7.0/toolchain/avr8/avr8-gnu-toolchain/bin/../lib/gcc/avr/5.4.0/avr5\libgcc.a(_adddi3.o)
                0x00001948                __adddi3
 .text.libgcc   0x0000195a       0x12 c:/program files (x86)/atmel/studio/7.0/toolchain/avr8/avr8-gnu-toolchain/bin/../lib/gcc/avr/5.4.0/avr5\libgcc.a(_subdi3.o)
                0x0000195a                __subdi3
 .text.libgcc   0x0000196c       0x18 c:/program files (x86)/atmel/studio/7.0/toolchain/avr8/avr8-gnu-toolchain/bin/../lib/gcc/avr/5.4.0/avr5\libgcc.a(_cmpdi2_s8.o)
                0x0000196c                __cmpdi2_s8
 .text.libgcc.div
                0x00001984       0x28 c:/program files (x86)/atmel/studio/7.0/toolchain/avr8/avr8-gnu-toolchain/bin/../lib/gcc/avr/5.4.0/avr5\libgcc.a(_udivmodhi4.o)
                0x00001984                __udivmodhi4
 .text.libgcc.mul
                0x000019ac       0x1e c:/program files (x86)/atmel/studio/7.0/toolchain/avr8/avr8-gnu-toolchain/bin/../lib/gcc/avr/5.4.0/avr5\libgcc.a(_umulhisi3.o)
                0x000019ac                __umulhisi3
 .text.avr-libc
                0x000019ca       0x40 c:/program files (x86)/atmel/studio/7.0/toolchain/avr8/avr8-gnu-toolchain/bin/../lib/gcc/avr/5.4.0/../../../../avr/lib/avr5\libc.a(dtostrf.o)
                0x000019ca                dtostrf
 .text.avr-libc
                0x00001a0a       0x60 c:/program files (x86)/atmel/studio/7.0/toolchain/avr8/avr8-gnu-toolchain/bin/../lib/gcc/avr/5.4.0/../../../../avr/lib/avr5\libc.a(puts.o)
                0x00001a0a                puts
 .text.avr-libc
                0x00001a6a      0x2b4 c:/program files (x86)/atmel/studio/7.0/toolchain/avr8/avr8-gnu-toolchain/bin/../lib/gcc/avr/5.4.0/../../../../avr/lib/avr5\libc.a(dtoa_prf.o)
                0x00001a6a                dtoa_prf
 .text.avr-libc
                0x00001d1e      0x1b0 c:/program files (x86)/atmel/studio/7.0/toolchain/avr8/avr8-gnu-toolchain/bin/../lib/gcc/avr/5.4.0/../../../../avr/lib/avr5\libc.a(ftoa_engine.o)
                0x00001d1e                __ftoa_engine
                0x00001ece                . = ALIGN (0x2)
 *(.fini9)
 .fini9         0x00001ece        0x0 c:/program files (x86)/atmel/studio/7.0/toolchain/avr8/avr8-gnu-toolchain/bin/../lib/gcc/avr/5.4.0/avr5\libgcc.a(_exit.o)
                0x00001ece                _exit
                0x00001ece                exit
 *(.fini9)
 *(.fini8)
 *(.fini8)
 *(.fini7)
 *(.fini7)
 *(.fini6)
 *(.fini6)
 *(.fini5)
 *(.fini5)
 *(.fini4)
 *(.fini4)
 *(.fini3)
 *(.fini3)
 *(.fini2)
 *(.fini2)
 *(.fini1)
 *(.fini1)
 *(.fini0)
 .fini0         0x00001ece        0x4 c:/program files (x86)/atmel/studio/7.0/toolchain/avr8/avr8-gnu-toolchain/bin/../lib/gcc/avr/5.4.0/avr5\libgcc.a(_exit.o)
 *(.fini0)
                0x00001ed2                _etext = .

.data           0x00800100       0x46 load address 0x00001ed2
                0x00800100                PROVIDE (__data_start, .)
 *(.data)
 *(.data*)
 .data.uart0_io
                0x00800100        0xe usart.o
                0x00800100                uart0_io
 *(.gnu.linkonce.d*)
 *(.rodata)
 *(.rodata*)
 .rodata.str1.1
                0x0080010e       0x38 main.o
                                 0x3b (size before relaxing)
 *(.gnu.linkonce.r*)
                0x00800146                . = ALIGN (0x2)
                0x00800146                _edata = .
                0x00800146                PROVIDE (__data_end, .)

.bss            0x00800146       0xb3
                0x00800146                PROVIDE (__bss_start, .)
 *(.bss)
 *(.bss*)
 .bss.t_fine    0x00800146        0x4 bmp280.o
 .bss.calib     0x0080014a       0x18 bmp280.o
 .bss.liczba    0x00800162        0x2 main.o
                0x00800162                liczba
 .bss.flaga_pomiaru
                0x00800164        0x1 main.o
                0x00800164                flaga_pomiaru
 *(COMMON)
 COMMON         0x00800165        0x6 main.o
                0x00800165                temp_raw
                0x00800167                kod2
                0x00800169                kod1
 COMMON         0x0080016b       0x88 usart.o
                0x0080016b                rx0_buffer
                0x0080018b                rx1_Tail
                0x0080018c                tx0_Tail
                0x0080018d                rx0_Tail
                0x0080018e                tx1_buffer
                0x008001ae                tx0_Head
                0x008001af                rx1_buffer
                0x008001cf                rx0_Head
                0x008001d0                tx1_Tail
                0x008001d1                rx1_Head
                0x008001d2                tx1_Head
                0x008001d3                tx0_buffer
 COMMON         0x008001f3        0x6 c:/program files (x86)/atmel/studio/7.0/toolchain/avr8/avr8-gnu-toolchain/bin/../lib/gcc/avr/5.4.0/../../../../avr/lib/avr5\libc.a(iob.o)
                0x008001f3                __iob
                0x008001f9                PROVIDE (__bss_end, .)
                0x00001ed2                __data_load_start = LOADADDR (.data)
                0x00001f18                __data_load_end = (__data_load_start + SIZEOF (.data))

.noinit         0x008001f9        0x0
                [!provide]                PROVIDE (__noinit_start, .)
 *(.noinit*)
                [!provide]                PROVIDE (__noinit_end, .)
                0x008001f9                _end = .
                [!provide]                PROVIDE (__heap_start, .)

.eeprom         0x00810000        0x0
 *(.eeprom*)
                0x00810000                __eeprom_end = .

.fuse
 *(.fuse)
 *(.lfuse)
 *(.hfuse)
 *(.efuse)

.lock
 *(.lock*)

.signature
 *(.signature*)

.user_signatures
 *(.user_signatures*)

.stab
 *(.stab)

.stabstr
 *(.stabstr)

.stab.excl
 *(.stab.excl)

.stab.exclstr
 *(.stab.exclstr)

.stab.index
 *(.stab.index)

.stab.indexstr
 *(.stab.indexstr)

.comment        0x00000000       0x30
 *(.comment)
 .comment       0x00000000       0x30 bmp280.o
                                 0x31 (size before relaxing)
 .comment       0x00000030       0x31 ds18b20.o
 .comment       0x00000030       0x31 i2c.o
 .comment       0x00000030       0x31 main.o
 .comment       0x00000030       0x31 onewire.o
 .comment       0x00000030       0x31 usart.o
 .comment       0x00000030       0x31 c:/program files (x86)/atmel/studio/7.0/toolchain/avr8/avr8-gnu-toolchain/bin/../lib/gcc/avr/5.4.0/../../../../avr/lib/avr5\libc.a(dtostrf.o)
 .comment       0x00000030       0x31 c:/program files (x86)/atmel/studio/7.0/toolchain/avr8/avr8-gnu-toolchain/bin/../lib/gcc/avr/5.4.0/../../../../avr/lib/avr5\libc.a(iob.o)
 .comment       0x00000030       0x31 c:/program files (x86)/atmel/studio/7.0/toolchain/avr8/avr8-gnu-toolchain/bin/../lib/gcc/avr/5.4.0/../../../../avr/lib/avr5\libc.a(puts.o)
 .comment       0x00000030       0x31 c:/program files (x86)/atmel/studio/7.0/toolchain/avr8/avr8-gnu-toolchain/bin/../lib/gcc/avr/5.4.0/../../../../avr/lib/avr5\libc.a(dtoa_prf.o)

.note.gnu.avr.deviceinfo
                0x00000000       0x40
 .note.gnu.avr.deviceinfo
                0x00000000       0x40 C:/Program Files (x86)/Atmel/Studio/7.0/Packs/atmel/ATmega_DFP/1.7.374/gcc/dev/atmega328pb/avr5/crtatmega328pb.o

.note.gnu.build-id
 *(.note.gnu.build-id)

.debug
 *(.debug)

.line
 *(.line)

.debug_srcinfo
 *(.debug_srcinfo)

.debug_sfnames
 *(.debug_sfnames)

.debug_aranges  0x00000000      0x348
 *(.debug_aranges)
 .debug_aranges
                0x00000000       0x48 bmp280.o
 .debug_aranges
                0x00000048       0x20 ds18b20.o
 .debug_aranges
                0x00000068       0x48 i2c.o
 .debug_aranges
                0x000000b0       0x50 main.o
 .debug_aranges
                0x00000100       0x40 onewire.o
 .debug_aranges
                0x00000140      0x208 usart.o

.debug_pubnames
 *(.debug_pubnames)

.debug_info     0x00000000     0x3d46
 *(.debug_info .gnu.linkonce.wi.*)
 .debug_info    0x00000000      0x8ea C:/Program Files (x86)/Atmel/Studio/7.0/Packs/atmel/ATmega_DFP/1.7.374/gcc/dev/atmega328pb/avr5/crtatmega328pb.o
 .debug_info    0x000008ea      0x702 bmp280.o
 .debug_info    0x00000fec      0x1e9 ds18b20.o
 .debug_info    0x000011d5      0x10d i2c.o
 .debug_info    0x000012e2      0x6dd main.o
 .debug_info    0x000019bf      0x383 onewire.o
 .debug_info    0x00001d42     0x2004 usart.o

.debug_abbrev   0x00000000     0x1317
 *(.debug_abbrev)
 .debug_abbrev  0x00000000      0x86e C:/Program Files (x86)/Atmel/Studio/7.0/Packs/atmel/ATmega_DFP/1.7.374/gcc/dev/atmega328pb/avr5/crtatmega328pb.o
 .debug_abbrev  0x0000086e      0x1ce bmp280.o
 .debug_abbrev  0x00000a3c      0x11a ds18b20.o
 .debug_abbrev  0x00000b56       0x94 i2c.o
 .debug_abbrev  0x00000bea      0x2ab main.o
 .debug_abbrev  0x00000e95      0x168 onewire.o
 .debug_abbrev  0x00000ffd      0x31a usart.o

.debug_line     0x00000000     0x1c96
 *(.debug_line .debug_line.* .debug_line_end)
 .debug_line    0x00000000      0x1a6 C:/Program Files (x86)/Atmel/Studio/7.0/Packs/atmel/ATmega_DFP/1.7.374/gcc/dev/atmega328pb/avr5/crtatmega328pb.o
 .debug_line    0x000001a6      0x368 bmp280.o
 .debug_line    0x0000050e      0x15f ds18b20.o
 .debug_line    0x0000066d      0x16a i2c.o
 .debug_line    0x000007d7      0x342 main.o
 .debug_line    0x00000b19      0x268 onewire.o
 .debug_line    0x00000d81      0xf15 usart.o

.debug_frame    0x00000000      0x9ec
 *(.debug_frame)
 .debug_frame   0x00000000      0x16c bmp280.o
 .debug_frame   0x0000016c       0x34 ds18b20.o
 .debug_frame   0x000001a0       0x74 i2c.o
 .debug_frame   0x00000214       0xc4 main.o
 .debug_frame   0x000002d8       0x7c onewire.o
 .debug_frame   0x00000354      0x698 usart.o

.debug_str      0x00000000      0xe09
 *(.debug_str)
 .debug_str     0x00000000      0x318 C:/Program Files (x86)/Atmel/Studio/7.0/Packs/atmel/ATmega_DFP/1.7.374/gcc/dev/atmega328pb/avr5/crtatmega328pb.o
 .debug_str     0x00000318      0x2ed bmp280.o
                                0x33c (size before relaxing)
 .debug_str     0x00000605       0x98 ds18b20.o
                                0x20a (size before relaxing)
 .debug_str     0x0000069d       0x14 i2c.o
                                0x1b3 (size before relaxing)
 .debug_str     0x000006b1      0x19b main.o
                                0x380 (size before relaxing)
 .debug_str     0x0000084c       0x84 onewire.o
                                0x210 (size before relaxing)
 .debug_str     0x000008d0      0x539 usart.o
                                0x74b (size before relaxing)

.debug_loc      0x00000000     0x34c1
 *(.debug_loc)
 .debug_loc     0x00000000      0xbd9 bmp280.o
 .debug_loc     0x00000bd9       0xe0 ds18b20.o
 .debug_loc     0x00000cb9       0x2d i2c.o
 .debug_loc     0x00000ce6      0x356 main.o
 .debug_loc     0x0000103c      0x340 onewire.o
 .debug_loc     0x0000137c     0x2145 usart.o

.debug_macinfo
 *(.debug_macinfo)

.debug_weaknames
 *(.debug_weaknames)

.debug_funcnames
 *(.debug_funcnames)

.debug_typenames
 *(.debug_typenames)

.debug_varnames
 *(.debug_varnames)

.debug_pubtypes
 *(.debug_pubtypes)

.debug_ranges   0x00000000      0x300
 *(.debug_ranges)
 .debug_ranges  0x00000000       0x38 bmp280.o
 .debug_ranges  0x00000038       0x10 ds18b20.o
 .debug_ranges  0x00000048       0x38 i2c.o
 .debug_ranges  0x00000080       0x40 main.o
 .debug_ranges  0x000000c0       0x48 onewire.o
 .debug_ranges  0x00000108      0x1f8 usart.o

.debug_macro
 *(.debug_macro)
OUTPUT(UART_ONEW.elf elf32-avr)
LOAD linker stubs
